#simple version of map file

MAP

    PROJECTION
        "init=epsg:3857"
    END

    # define the image type
    IMAGETYPE PNG8

    # define the area
    EXTENT -180 -90 180 90
    UNITS dd

    # define the default size of output image
    SIZE 256 256

    # define where this mapfile will look for raster images
    SHAPEPATH "/tmp/"

    # define the background color
    TRANSPARENT ON
    IMAGECOLOR 255 255 255

    # SCALEBAR object
    SCALEBAR
        LABEL
            COLOR 0 0 0
            ANTIALIAS true
            SIZE large
        END
        STATUS ON
    END

    # LEGEND object
    LEGEND
        STATUS ON
        LABEL
            COLOR 64 64 64
            ANTIALIAS true
            OFFSET -23 -1
        END
        KEYSIZE 32 10
        KEYSPACING 5 -2
    END

    WEB
        METADATA
            # Enable all wms/wfs, etc. requests
            "ows_enable_request" "*"
        END
    END

    # The layer for raster data, you can define multiple layers in one map file
    LAYER

        NAME "DEFAULT"
        TYPE RASTER
        STATUS ON
        PROCESSING "SCALE=AUTO"

        PROJECTION
            "init=epsg:4326"
        END

        # DATA sample_250m_ascii_grid.tiff

        # SCALE the incoming data between 0 and 255
        PROCESSING "SCALE=AUTO"

        # SCALE the data into "10" buckets (or steps)
        PROCESSING "SCALE_BUCKETS=10"

        # Define the transparent of image. 100 is not transpartent.
        # 0 is totally transparent.
        TRANSPARENCY 70

        # Define the color table. Colors are defined as an RGB color from 0 to 255.
        # EXPRESSION is used to define the range of data the style should apply to
        # COLORRANGE and DATARANGE are paired to generate gradient color
        CLASSITEM "[pixel]"
        CLASS
            NAME "pixel"
            EXPRESSION ([pixel]>0)
            STYLE
                COLORRANGE  255 255 255 0 128 255
                DATARANGE   0 255
            END
        END
    END
END
