# The default file to render a geotiff raster

MAP
    SYMBOLSET "symbols.map"

    PROJECTION
        "init=epsg:3857"
    END

    # define the image type
    IMAGETYPE PNG8

    # define the area
    EXTENT -180 -90 180 90
    UNITS dd

    # define the default size of output image
    SIZE 256 256

    # Don't define where this mapfile will look for raster images.
    # Instead, do this programmatically (in the python code).
    #
    # Uncomment this line to override the programmatic setting of the shapepath
    # SHAPEPATH "/tmp/"

    # define the background color
    TRANSPARENT ON
    IMAGECOLOR 255 255 255

    # SCALEBAR object
    SCALEBAR
        LABEL
            COLOR 0 0 0
            ANTIALIAS true
            SIZE large
        END
        STATUS ON
    END

    # LEGEND object
    LEGEND
        STATUS ON
        LABEL
            COLOR 64 64 64
            ANTIALIAS true
            OFFSET 0 0
        END
        KEYSIZE 32 10
        KEYSPACING 5 -2
    END

    WEB
        METADATA
            # Enable all wms/wfs, etc. requests
            "ows_enable_request" "*"
        END
    END

    # The layer for raster data, you can define multiple layers in one map file
    LAYER

        NAME "DEFAULT"
        TYPE RASTER
        STATUS ON

        PROJECTION
            "init=epsg:4326"
        END

        # SCALE the incoming data between 0 and 255
        #PROCESSING "SCALE=AUTO"

        # SCALE the data into "10" buckets (or steps)
        #PROCESSING "SCALE_BUCKETS=10"

        # Define the transparent of image. 100 is not transpartent.
        # 0 is totally transparent.
        TRANSPARENCY 70

        # Define the color table. Colors are defined as an RGB color from 0 to 255.
        # EXPRESSION is used to define the range of data the style should apply to
        # COLORRANGE and DATARANGE are paired to generate gradient color
        CLASSITEM "[pixel]"

# A single gradient is convenient, but the legend information
# for a single gradient is poor. Convert this single gradient into 10 steps.
#        CLASS
#            NAME "-"
#            EXPRESSION ([pixel]>0)
#            STYLE
#                COLORRANGE  255 255 255 0 128 255
#                DATARANGE   0 1
#            END
#        END

        CLASS
            NAME "   0%"
            EXPRESSION ([pixel]=0)
            STYLE
                COLOR  255 255 255
            END
        END

        CLASS
            NAME "0  - 10 %"
            EXPRESSION ([pixel]>0 AND [pixel]<=0.1)
            STYLE
                COLOR  230 242 255
            END
        END
        CLASS
            NAME "10 - 20 %"
            EXPRESSION ([pixel]>0.1 AND [pixel]<=0.2)
            STYLE
                COLOR  204 229 255
            END
        END
        CLASS
            NAME "20 - 30 %"
            EXPRESSION ([pixel]>0.2 AND [pixel]<=0.3)
            STYLE
                COLOR  179 217 255
            END
        END
        CLASS
            NAME "30 - 40 %"
            EXPRESSION ([pixel]>0.3 AND [pixel]<=0.4)
            STYLE
                COLOR  153 204 255
            END
        END
        CLASS
            NAME "40 - 50 %"
            EXPRESSION ([pixel]>0.4 AND [pixel]<=0.5)
            STYLE
                COLOR  128 191 255
            END
        END
        CLASS
            NAME "60 - 70 %"
            EXPRESSION ([pixel]>0.6 AND [pixel]<=0.7)
            STYLE
                COLOR  102 178 255
            END
        END
        CLASS
            NAME "70 - 80 %"
            EXPRESSION ([pixel]>0.7 AND [pixel]<=0.8)
            STYLE
                COLOR  77 165 255
            END
        END
        CLASS
            NAME "80 - 90 %"
            EXPRESSION ([pixel]>0.8 AND [pixel]<=0.9)
            STYLE
                COLOR 51 153 255
            END
        END
        CLASS
            NAME "90 - 100%"
            EXPRESSION ([pixel]>0.9 AND [pixel]<=1.0)
            STYLE
                COLOR 26 140 255
            END
        END
        CLASS
            NAME "  100%"
            EXPRESSION ([pixel]=1.0)
            STYLE
                COLOR 0 128 255
            END
        END
    END
END
